------------------------------------------------------------
Timing Analyzer Summary
------------------------------------------------------------

Type  : Slow 1100mV 85C Model Setup 'VGA_SYNC:videoSync|pixel_clock_int'
Slack : -3.133
TNS   : -33.219

Type  : Slow 1100mV 85C Model Setup 'CLOCK_50'
Slack : -2.465
TNS   : -2.465

Type  : Slow 1100mV 85C Model Hold 'CLOCK_50'
Slack : 0.845
TNS   : 0.000

Type  : Slow 1100mV 85C Model Hold 'VGA_SYNC:videoSync|pixel_clock_int'
Slack : 1.056
TNS   : 0.000

Type  : Slow 1100mV 85C Model Minimum Pulse Width 'VGA_SYNC:videoSync|pixel_clock_int'
Slack : -3.166
TNS   : -28.620

Type  : Slow 1100mV 85C Model Minimum Pulse Width 'CLOCK_50'
Slack : -0.724
TNS   : -1.130

Type  : Slow 1100mV 0C Model Setup 'VGA_SYNC:videoSync|pixel_clock_int'
Slack : -3.243
TNS   : -34.447

Type  : Slow 1100mV 0C Model Setup 'CLOCK_50'
Slack : -2.416
TNS   : -2.416

Type  : Slow 1100mV 0C Model Hold 'CLOCK_50'
Slack : 0.777
TNS   : 0.000

Type  : Slow 1100mV 0C Model Hold 'VGA_SYNC:videoSync|pixel_clock_int'
Slack : 1.031
TNS   : 0.000

Type  : Slow 1100mV 0C Model Minimum Pulse Width 'VGA_SYNC:videoSync|pixel_clock_int'
Slack : -3.166
TNS   : -28.619

Type  : Slow 1100mV 0C Model Minimum Pulse Width 'CLOCK_50'
Slack : -0.724
TNS   : -1.128

Type  : Fast 1100mV 85C Model Setup 'CLOCK_50'
Slack : -1.595
TNS   : -1.595

Type  : Fast 1100mV 85C Model Setup 'VGA_SYNC:videoSync|pixel_clock_int'
Slack : -1.024
TNS   : -9.350

Type  : Fast 1100mV 85C Model Hold 'VGA_SYNC:videoSync|pixel_clock_int'
Slack : 0.354
TNS   : 0.000

Type  : Fast 1100mV 85C Model Hold 'CLOCK_50'
Slack : 0.787
TNS   : 0.000

Type  : Fast 1100mV 85C Model Minimum Pulse Width 'VGA_SYNC:videoSync|pixel_clock_int'
Slack : -2.174
TNS   : -9.419

Type  : Fast 1100mV 85C Model Minimum Pulse Width 'CLOCK_50'
Slack : -0.257
TNS   : -0.257

Type  : Fast 1100mV 0C Model Setup 'CLOCK_50'
Slack : -1.299
TNS   : -1.299

Type  : Fast 1100mV 0C Model Setup 'VGA_SYNC:videoSync|pixel_clock_int'
Slack : -0.892
TNS   : -8.213

Type  : Fast 1100mV 0C Model Hold 'VGA_SYNC:videoSync|pixel_clock_int'
Slack : 0.312
TNS   : 0.000

Type  : Fast 1100mV 0C Model Hold 'CLOCK_50'
Slack : 0.503
TNS   : 0.000

Type  : Fast 1100mV 0C Model Minimum Pulse Width 'VGA_SYNC:videoSync|pixel_clock_int'
Slack : -2.174
TNS   : -9.364

Type  : Fast 1100mV 0C Model Minimum Pulse Width 'CLOCK_50'
Slack : -0.261
TNS   : -0.261

------------------------------------------------------------
