------------------------------------------------------------
Timing Analyzer Summary
------------------------------------------------------------

Type  : Slow 1200mV 85C Model Setup 'pll|altpll_component|auto_generated|pll1|clk[0]'
Slack : 0.214
TNS   : 0.000

Type  : Slow 1200mV 85C Model Setup 'SYSCLK'
Slack : 14.696
TNS   : 0.000

Type  : Slow 1200mV 85C Model Hold 'pll|altpll_component|auto_generated|pll1|clk[0]'
Slack : 0.401
TNS   : 0.000

Type  : Slow 1200mV 85C Model Hold 'SYSCLK'
Slack : 0.403
TNS   : 0.000

Type  : Slow 1200mV 85C Model Minimum Pulse Width 'pll|altpll_component|auto_generated|pll1|clk[0]'
Slack : 3.156
TNS   : 0.000

Type  : Slow 1200mV 85C Model Minimum Pulse Width 'SYSCLK'
Slack : 9.720
TNS   : 0.000

Type  : Slow 1200mV 0C Model Setup 'pll|altpll_component|auto_generated|pll1|clk[0]'
Slack : 0.816
TNS   : 0.000

Type  : Slow 1200mV 0C Model Setup 'SYSCLK'
Slack : 15.146
TNS   : 0.000

Type  : Slow 1200mV 0C Model Hold 'pll|altpll_component|auto_generated|pll1|clk[0]'
Slack : 0.352
TNS   : 0.000

Type  : Slow 1200mV 0C Model Hold 'SYSCLK'
Slack : 0.353
TNS   : 0.000

Type  : Slow 1200mV 0C Model Minimum Pulse Width 'pll|altpll_component|auto_generated|pll1|clk[0]'
Slack : 3.140
TNS   : 0.000

Type  : Slow 1200mV 0C Model Minimum Pulse Width 'SYSCLK'
Slack : 9.724
TNS   : 0.000

Type  : Fast 1200mV 0C Model Setup 'pll|altpll_component|auto_generated|pll1|clk[0]'
Slack : 3.657
TNS   : 0.000

Type  : Fast 1200mV 0C Model Setup 'SYSCLK'
Slack : 17.228
TNS   : 0.000

Type  : Fast 1200mV 0C Model Hold 'SYSCLK'
Slack : 0.181
TNS   : 0.000

Type  : Fast 1200mV 0C Model Hold 'pll|altpll_component|auto_generated|pll1|clk[0]'
Slack : 0.181
TNS   : 0.000

Type  : Fast 1200mV 0C Model Minimum Pulse Width 'pll|altpll_component|auto_generated|pll1|clk[0]'
Slack : 3.228
TNS   : 0.000

Type  : Fast 1200mV 0C Model Minimum Pulse Width 'SYSCLK'
Slack : 9.438
TNS   : 0.000

------------------------------------------------------------
